['The username or password you entered is incorrect.']
